Copyright 1986-2019 Xilinx, Inc. All Rights Reserved.
--------------------------------------------------------------------------------------------------------------------------------------------------------------
| Tool Version : Vivado v.2019.1 (win64) Build 2552052 Fri May 24 14:49:42 MDT 2019
| Date         : Sun Dec  8 14:17:31 2019
| Host         : DESKTOP-DFGCNJ0 running 64-bit major release  (build 9200)
| Command      : report_methodology -file TopLevel_methodology_drc_routed.rpt -pb TopLevel_methodology_drc_routed.pb -rpx TopLevel_methodology_drc_routed.rpx
| Design       : TopLevel
| Device       : xc7a100tcsg324-2
| Speed File   : -2
| Design State : Fully Routed
--------------------------------------------------------------------------------------------------------------------------------------------------------------

Report Methodology

Table of Contents
-----------------
1. REPORT SUMMARY
2. REPORT DETAILS

1. REPORT SUMMARY
-----------------
            Netlist: netlist
          Floorplan: design_1
      Design limits: <entire design considered>
             Max violations: <unlimited>
             Violations found: 91
+-----------+------------------+------------------------------+------------+
| Rule      | Severity         | Description                  | Violations |
+-----------+------------------+------------------------------+------------+
| TIMING-17 | Critical Warning | Non-clocked sequential cell  | 40         |
| LUTAR-1   | Warning          | LUT drives async reset alert | 2          |
| TIMING-20 | Warning          | Non-clocked latch            | 49         |
+-----------+------------------+------------------------------+------------+

2. REPORT DETAILS
-----------------
TIMING-17#1 Critical Warning
Non-clocked sequential cell  
The clock pin RS232_inst/RS232Rxd_inst/iClock1xEnable_reg/C is not reached by a timing clock
Related violations: <none>

TIMING-17#2 Critical Warning
Non-clocked sequential cell  
The clock pin RS232_inst/RS232Rxd_inst/iClock1x_reg/C is not reached by a timing clock
Related violations: <none>

TIMING-17#3 Critical Warning
Non-clocked sequential cell  
The clock pin RS232_inst/RS232Rxd_inst/iClockDiv_reg[0]/C is not reached by a timing clock
Related violations: <none>

TIMING-17#4 Critical Warning
Non-clocked sequential cell  
The clock pin RS232_inst/RS232Rxd_inst/iClockDiv_reg[1]/C is not reached by a timing clock
Related violations: <none>

TIMING-17#5 Critical Warning
Non-clocked sequential cell  
The clock pin RS232_inst/RS232Rxd_inst/iClockDiv_reg[2]/C is not reached by a timing clock
Related violations: <none>

TIMING-17#6 Critical Warning
Non-clocked sequential cell  
The clock pin RS232_inst/RS232Rxd_inst/iClockDiv_reg[3]/C is not reached by a timing clock
Related violations: <none>

TIMING-17#7 Critical Warning
Non-clocked sequential cell  
The clock pin RS232_inst/RS232Rxd_inst/iRxd1_reg/C is not reached by a timing clock
Related violations: <none>

TIMING-17#8 Critical Warning
Non-clocked sequential cell  
The clock pin RS232_inst/RS232Rxd_inst/iRxd2_reg/C is not reached by a timing clock
Related violations: <none>

TIMING-17#9 Critical Warning
Non-clocked sequential cell  
The clock pin RS232_inst/RS232Txd_inst/iClock1xEnable_reg/C is not reached by a timing clock
Related violations: <none>

TIMING-17#10 Critical Warning
Non-clocked sequential cell  
The clock pin RS232_inst/RS232Txd_inst/iClock1x_reg/C is not reached by a timing clock
Related violations: <none>

TIMING-17#11 Critical Warning
Non-clocked sequential cell  
The clock pin RS232_inst/RS232Txd_inst/iClockDiv_reg[0]/C is not reached by a timing clock
Related violations: <none>

TIMING-17#12 Critical Warning
Non-clocked sequential cell  
The clock pin RS232_inst/RS232Txd_inst/iClockDiv_reg[1]/C is not reached by a timing clock
Related violations: <none>

TIMING-17#13 Critical Warning
Non-clocked sequential cell  
The clock pin RS232_inst/RS232Txd_inst/iClockDiv_reg[2]/C is not reached by a timing clock
Related violations: <none>

TIMING-17#14 Critical Warning
Non-clocked sequential cell  
The clock pin RS232_inst/RS232Txd_inst/iClockDiv_reg[3]/C is not reached by a timing clock
Related violations: <none>

TIMING-17#15 Critical Warning
Non-clocked sequential cell  
The clock pin RS232_inst/RS232Txd_inst/iSend_reg/C is not reached by a timing clock
Related violations: <none>

TIMING-17#16 Critical Warning
Non-clocked sequential cell  
The clock pin Scan4Digit_inst/iCount16_reg[0]/C is not reached by a timing clock
Related violations: <none>

TIMING-17#17 Critical Warning
Non-clocked sequential cell  
The clock pin Scan4Digit_inst/iCount16_reg[10]/C is not reached by a timing clock
Related violations: <none>

TIMING-17#18 Critical Warning
Non-clocked sequential cell  
The clock pin Scan4Digit_inst/iCount16_reg[11]/C is not reached by a timing clock
Related violations: <none>

TIMING-17#19 Critical Warning
Non-clocked sequential cell  
The clock pin Scan4Digit_inst/iCount16_reg[12]/C is not reached by a timing clock
Related violations: <none>

TIMING-17#20 Critical Warning
Non-clocked sequential cell  
The clock pin Scan4Digit_inst/iCount16_reg[13]/C is not reached by a timing clock
Related violations: <none>

TIMING-17#21 Critical Warning
Non-clocked sequential cell  
The clock pin Scan4Digit_inst/iCount16_reg[14]/C is not reached by a timing clock
Related violations: <none>

TIMING-17#22 Critical Warning
Non-clocked sequential cell  
The clock pin Scan4Digit_inst/iCount16_reg[15]/C is not reached by a timing clock
Related violations: <none>

TIMING-17#23 Critical Warning
Non-clocked sequential cell  
The clock pin Scan4Digit_inst/iCount16_reg[1]/C is not reached by a timing clock
Related violations: <none>

TIMING-17#24 Critical Warning
Non-clocked sequential cell  
The clock pin Scan4Digit_inst/iCount16_reg[2]/C is not reached by a timing clock
Related violations: <none>

TIMING-17#25 Critical Warning
Non-clocked sequential cell  
The clock pin Scan4Digit_inst/iCount16_reg[3]/C is not reached by a timing clock
Related violations: <none>

TIMING-17#26 Critical Warning
Non-clocked sequential cell  
The clock pin Scan4Digit_inst/iCount16_reg[4]/C is not reached by a timing clock
Related violations: <none>

TIMING-17#27 Critical Warning
Non-clocked sequential cell  
The clock pin Scan4Digit_inst/iCount16_reg[5]/C is not reached by a timing clock
Related violations: <none>

TIMING-17#28 Critical Warning
Non-clocked sequential cell  
The clock pin Scan4Digit_inst/iCount16_reg[6]/C is not reached by a timing clock
Related violations: <none>

TIMING-17#29 Critical Warning
Non-clocked sequential cell  
The clock pin Scan4Digit_inst/iCount16_reg[7]/C is not reached by a timing clock
Related violations: <none>

TIMING-17#30 Critical Warning
Non-clocked sequential cell  
The clock pin Scan4Digit_inst/iCount16_reg[8]/C is not reached by a timing clock
Related violations: <none>

TIMING-17#31 Critical Warning
Non-clocked sequential cell  
The clock pin Scan4Digit_inst/iCount16_reg[9]/C is not reached by a timing clock
Related violations: <none>

TIMING-17#32 Critical Warning
Non-clocked sequential cell  
The clock pin iCount9_reg[0]/C is not reached by a timing clock
Related violations: <none>

TIMING-17#33 Critical Warning
Non-clocked sequential cell  
The clock pin iCount9_reg[1]/C is not reached by a timing clock
Related violations: <none>

TIMING-17#34 Critical Warning
Non-clocked sequential cell  
The clock pin iCount9_reg[2]/C is not reached by a timing clock
Related violations: <none>

TIMING-17#35 Critical Warning
Non-clocked sequential cell  
The clock pin iCount9_reg[3]/C is not reached by a timing clock
Related violations: <none>

TIMING-17#36 Critical Warning
Non-clocked sequential cell  
The clock pin iCount9_reg[4]/C is not reached by a timing clock
Related violations: <none>

TIMING-17#37 Critical Warning
Non-clocked sequential cell  
The clock pin iCount9_reg[5]/C is not reached by a timing clock
Related violations: <none>

TIMING-17#38 Critical Warning
Non-clocked sequential cell  
The clock pin iCount9_reg[6]/C is not reached by a timing clock
Related violations: <none>

TIMING-17#39 Critical Warning
Non-clocked sequential cell  
The clock pin iCount9_reg[7]/C is not reached by a timing clock
Related violations: <none>

TIMING-17#40 Critical Warning
Non-clocked sequential cell  
The clock pin iCount9_reg[8]/C is not reached by a timing clock
Related violations: <none>

LUTAR-1#1 Warning
LUT drives async reset alert  
LUT cell RS232_inst/RS232Rxd_inst/iRxd1_i_1, with 2 or more inputs, drives asynchronous preset/clear pin(s) RS232_inst/RS232Rxd_inst/iNoBitsReceived_reg[0]/CLR, RS232_inst/RS232Rxd_inst/iNoBitsReceived_reg[1]/CLR, RS232_inst/RS232Rxd_inst/iNoBitsReceived_reg[2]/CLR, RS232_inst/RS232Rxd_inst/iNoBitsReceived_reg[3]/CLR, RS232_inst/RS232Rxd_inst/presState_reg[0]/CLR, RS232_inst/RS232Rxd_inst/presState_reg[1]/CLR. The LUT may glitch and trigger an unexpected reset, even if it is a properly timed path.
Related violations: <none>

LUTAR-1#2 Warning
LUT drives async reset alert  
LUT cell RS232_inst/RS232Txd_inst/iSend_i_1, with 2 or more inputs, drives asynchronous preset/clear pin(s) RS232_inst/RS232Txd_inst/iNoBitsSent_reg[0]/CLR, RS232_inst/RS232Txd_inst/iNoBitsSent_reg[1]/CLR, RS232_inst/RS232Txd_inst/iNoBitsSent_reg[2]/CLR, RS232_inst/RS232Txd_inst/iNoBitsSent_reg[3]/CLR, RS232_inst/RS232Txd_inst/presState_reg[0]/CLR, RS232_inst/RS232Txd_inst/presState_reg[1]/CLR. The LUT may glitch and trigger an unexpected reset, even if it is a properly timed path.
Related violations: <none>

TIMING-20#1 Warning
Non-clocked latch  
The latch RS232_inst/RS232Rxd_inst/iDataOut1_reg[0] cannot be properly analyzed as its control pin RS232_inst/RS232Rxd_inst/iDataOut1_reg[0]/G is not reached by a timing clock
Related violations: <none>

TIMING-20#2 Warning
Non-clocked latch  
The latch RS232_inst/RS232Rxd_inst/iDataOut1_reg[1] cannot be properly analyzed as its control pin RS232_inst/RS232Rxd_inst/iDataOut1_reg[1]/G is not reached by a timing clock
Related violations: <none>

TIMING-20#3 Warning
Non-clocked latch  
The latch RS232_inst/RS232Rxd_inst/iDataOut1_reg[2] cannot be properly analyzed as its control pin RS232_inst/RS232Rxd_inst/iDataOut1_reg[2]/G is not reached by a timing clock
Related violations: <none>

TIMING-20#4 Warning
Non-clocked latch  
The latch RS232_inst/RS232Rxd_inst/iDataOut1_reg[3] cannot be properly analyzed as its control pin RS232_inst/RS232Rxd_inst/iDataOut1_reg[3]/G is not reached by a timing clock
Related violations: <none>

TIMING-20#5 Warning
Non-clocked latch  
The latch RS232_inst/RS232Rxd_inst/iDataOut1_reg[4] cannot be properly analyzed as its control pin RS232_inst/RS232Rxd_inst/iDataOut1_reg[4]/G is not reached by a timing clock
Related violations: <none>

TIMING-20#6 Warning
Non-clocked latch  
The latch RS232_inst/RS232Rxd_inst/iDataOut1_reg[5] cannot be properly analyzed as its control pin RS232_inst/RS232Rxd_inst/iDataOut1_reg[5]/G is not reached by a timing clock
Related violations: <none>

TIMING-20#7 Warning
Non-clocked latch  
The latch RS232_inst/RS232Rxd_inst/iDataOut1_reg[6] cannot be properly analyzed as its control pin RS232_inst/RS232Rxd_inst/iDataOut1_reg[6]/G is not reached by a timing clock
Related violations: <none>

TIMING-20#8 Warning
Non-clocked latch  
The latch RS232_inst/RS232Rxd_inst/iDataOut1_reg[7] cannot be properly analyzed as its control pin RS232_inst/RS232Rxd_inst/iDataOut1_reg[7]/G is not reached by a timing clock
Related violations: <none>

TIMING-20#9 Warning
Non-clocked latch  
The latch RS232_inst/RS232Rxd_inst/iDataOut2_reg[0] cannot be properly analyzed as its control pin RS232_inst/RS232Rxd_inst/iDataOut2_reg[0]/G is not reached by a timing clock
Related violations: <none>

TIMING-20#10 Warning
Non-clocked latch  
The latch RS232_inst/RS232Rxd_inst/iDataOut2_reg[1] cannot be properly analyzed as its control pin RS232_inst/RS232Rxd_inst/iDataOut2_reg[1]/G is not reached by a timing clock
Related violations: <none>

TIMING-20#11 Warning
Non-clocked latch  
The latch RS232_inst/RS232Rxd_inst/iDataOut2_reg[2] cannot be properly analyzed as its control pin RS232_inst/RS232Rxd_inst/iDataOut2_reg[2]/G is not reached by a timing clock
Related violations: <none>

TIMING-20#12 Warning
Non-clocked latch  
The latch RS232_inst/RS232Rxd_inst/iDataOut2_reg[3] cannot be properly analyzed as its control pin RS232_inst/RS232Rxd_inst/iDataOut2_reg[3]/G is not reached by a timing clock
Related violations: <none>

TIMING-20#13 Warning
Non-clocked latch  
The latch RS232_inst/RS232Rxd_inst/iDataOut2_reg[4] cannot be properly analyzed as its control pin RS232_inst/RS232Rxd_inst/iDataOut2_reg[4]/G is not reached by a timing clock
Related violations: <none>

TIMING-20#14 Warning
Non-clocked latch  
The latch RS232_inst/RS232Rxd_inst/iDataOut2_reg[5] cannot be properly analyzed as its control pin RS232_inst/RS232Rxd_inst/iDataOut2_reg[5]/G is not reached by a timing clock
Related violations: <none>

TIMING-20#15 Warning
Non-clocked latch  
The latch RS232_inst/RS232Rxd_inst/iDataOut2_reg[6] cannot be properly analyzed as its control pin RS232_inst/RS232Rxd_inst/iDataOut2_reg[6]/G is not reached by a timing clock
Related violations: <none>

TIMING-20#16 Warning
Non-clocked latch  
The latch RS232_inst/RS232Rxd_inst/iDataOut2_reg[7] cannot be properly analyzed as its control pin RS232_inst/RS232Rxd_inst/iDataOut2_reg[7]/G is not reached by a timing clock
Related violations: <none>

TIMING-20#17 Warning
Non-clocked latch  
The latch RS232_inst/RS232Rxd_inst/iNoBitsReceived_reg[0] cannot be properly analyzed as its control pin RS232_inst/RS232Rxd_inst/iNoBitsReceived_reg[0]/G is not reached by a timing clock
Related violations: <none>

TIMING-20#18 Warning
Non-clocked latch  
The latch RS232_inst/RS232Rxd_inst/iNoBitsReceived_reg[1] cannot be properly analyzed as its control pin RS232_inst/RS232Rxd_inst/iNoBitsReceived_reg[1]/G is not reached by a timing clock
Related violations: <none>

TIMING-20#19 Warning
Non-clocked latch  
The latch RS232_inst/RS232Rxd_inst/iNoBitsReceived_reg[2] cannot be properly analyzed as its control pin RS232_inst/RS232Rxd_inst/iNoBitsReceived_reg[2]/G is not reached by a timing clock
Related violations: <none>

TIMING-20#20 Warning
Non-clocked latch  
The latch RS232_inst/RS232Rxd_inst/iNoBitsReceived_reg[3] cannot be properly analyzed as its control pin RS232_inst/RS232Rxd_inst/iNoBitsReceived_reg[3]/G is not reached by a timing clock
Related violations: <none>

TIMING-20#21 Warning
Non-clocked latch  
The latch RS232_inst/RS232Rxd_inst/iShiftRegister_reg[0] cannot be properly analyzed as its control pin RS232_inst/RS232Rxd_inst/iShiftRegister_reg[0]/G is not reached by a timing clock
Related violations: <none>

TIMING-20#22 Warning
Non-clocked latch  
The latch RS232_inst/RS232Rxd_inst/iShiftRegister_reg[1] cannot be properly analyzed as its control pin RS232_inst/RS232Rxd_inst/iShiftRegister_reg[1]/G is not reached by a timing clock
Related violations: <none>

TIMING-20#23 Warning
Non-clocked latch  
The latch RS232_inst/RS232Rxd_inst/iShiftRegister_reg[2] cannot be properly analyzed as its control pin RS232_inst/RS232Rxd_inst/iShiftRegister_reg[2]/G is not reached by a timing clock
Related violations: <none>

TIMING-20#24 Warning
Non-clocked latch  
The latch RS232_inst/RS232Rxd_inst/iShiftRegister_reg[3] cannot be properly analyzed as its control pin RS232_inst/RS232Rxd_inst/iShiftRegister_reg[3]/G is not reached by a timing clock
Related violations: <none>

TIMING-20#25 Warning
Non-clocked latch  
The latch RS232_inst/RS232Rxd_inst/iShiftRegister_reg[4] cannot be properly analyzed as its control pin RS232_inst/RS232Rxd_inst/iShiftRegister_reg[4]/G is not reached by a timing clock
Related violations: <none>

TIMING-20#26 Warning
Non-clocked latch  
The latch RS232_inst/RS232Rxd_inst/iShiftRegister_reg[5] cannot be properly analyzed as its control pin RS232_inst/RS232Rxd_inst/iShiftRegister_reg[5]/G is not reached by a timing clock
Related violations: <none>

TIMING-20#27 Warning
Non-clocked latch  
The latch RS232_inst/RS232Rxd_inst/iShiftRegister_reg[6] cannot be properly analyzed as its control pin RS232_inst/RS232Rxd_inst/iShiftRegister_reg[6]/G is not reached by a timing clock
Related violations: <none>

TIMING-20#28 Warning
Non-clocked latch  
The latch RS232_inst/RS232Rxd_inst/iShiftRegister_reg[7] cannot be properly analyzed as its control pin RS232_inst/RS232Rxd_inst/iShiftRegister_reg[7]/G is not reached by a timing clock
Related violations: <none>

TIMING-20#29 Warning
Non-clocked latch  
The latch RS232_inst/RS232Rxd_inst/nextState_reg[0] cannot be properly analyzed as its control pin RS232_inst/RS232Rxd_inst/nextState_reg[0]/G is not reached by a timing clock
Related violations: <none>

TIMING-20#30 Warning
Non-clocked latch  
The latch RS232_inst/RS232Rxd_inst/nextState_reg[1] cannot be properly analyzed as its control pin RS232_inst/RS232Rxd_inst/nextState_reg[1]/G is not reached by a timing clock
Related violations: <none>

TIMING-20#31 Warning
Non-clocked latch  
The latch RS232_inst/RS232Rxd_inst/presState_reg[0] cannot be properly analyzed as its control pin RS232_inst/RS232Rxd_inst/presState_reg[0]/G is not reached by a timing clock
Related violations: <none>

TIMING-20#32 Warning
Non-clocked latch  
The latch RS232_inst/RS232Rxd_inst/presState_reg[1] cannot be properly analyzed as its control pin RS232_inst/RS232Rxd_inst/presState_reg[1]/G is not reached by a timing clock
Related violations: <none>

TIMING-20#33 Warning
Non-clocked latch  
The latch RS232_inst/RS232Txd_inst/iNoBitsSent_reg[0] cannot be properly analyzed as its control pin RS232_inst/RS232Txd_inst/iNoBitsSent_reg[0]/G is not reached by a timing clock
Related violations: <none>

TIMING-20#34 Warning
Non-clocked latch  
The latch RS232_inst/RS232Txd_inst/iNoBitsSent_reg[1] cannot be properly analyzed as its control pin RS232_inst/RS232Txd_inst/iNoBitsSent_reg[1]/G is not reached by a timing clock
Related violations: <none>

TIMING-20#35 Warning
Non-clocked latch  
The latch RS232_inst/RS232Txd_inst/iNoBitsSent_reg[2] cannot be properly analyzed as its control pin RS232_inst/RS232Txd_inst/iNoBitsSent_reg[2]/G is not reached by a timing clock
Related violations: <none>

TIMING-20#36 Warning
Non-clocked latch  
The latch RS232_inst/RS232Txd_inst/iNoBitsSent_reg[3] cannot be properly analyzed as its control pin RS232_inst/RS232Txd_inst/iNoBitsSent_reg[3]/G is not reached by a timing clock
Related violations: <none>

TIMING-20#37 Warning
Non-clocked latch  
The latch RS232_inst/RS232Txd_inst/iTxdBuffer_reg[0] cannot be properly analyzed as its control pin RS232_inst/RS232Txd_inst/iTxdBuffer_reg[0]/G is not reached by a timing clock
Related violations: <none>

TIMING-20#38 Warning
Non-clocked latch  
The latch RS232_inst/RS232Txd_inst/iTxdBuffer_reg[1] cannot be properly analyzed as its control pin RS232_inst/RS232Txd_inst/iTxdBuffer_reg[1]/G is not reached by a timing clock
Related violations: <none>

TIMING-20#39 Warning
Non-clocked latch  
The latch RS232_inst/RS232Txd_inst/iTxdBuffer_reg[2] cannot be properly analyzed as its control pin RS232_inst/RS232Txd_inst/iTxdBuffer_reg[2]/G is not reached by a timing clock
Related violations: <none>

TIMING-20#40 Warning
Non-clocked latch  
The latch RS232_inst/RS232Txd_inst/iTxdBuffer_reg[3] cannot be properly analyzed as its control pin RS232_inst/RS232Txd_inst/iTxdBuffer_reg[3]/G is not reached by a timing clock
Related violations: <none>

TIMING-20#41 Warning
Non-clocked latch  
The latch RS232_inst/RS232Txd_inst/iTxdBuffer_reg[4] cannot be properly analyzed as its control pin RS232_inst/RS232Txd_inst/iTxdBuffer_reg[4]/G is not reached by a timing clock
Related violations: <none>

TIMING-20#42 Warning
Non-clocked latch  
The latch RS232_inst/RS232Txd_inst/iTxdBuffer_reg[5] cannot be properly analyzed as its control pin RS232_inst/RS232Txd_inst/iTxdBuffer_reg[5]/G is not reached by a timing clock
Related violations: <none>

TIMING-20#43 Warning
Non-clocked latch  
The latch RS232_inst/RS232Txd_inst/iTxdBuffer_reg[6] cannot be properly analyzed as its control pin RS232_inst/RS232Txd_inst/iTxdBuffer_reg[6]/G is not reached by a timing clock
Related violations: <none>

TIMING-20#44 Warning
Non-clocked latch  
The latch RS232_inst/RS232Txd_inst/iTxdBuffer_reg[7] cannot be properly analyzed as its control pin RS232_inst/RS232Txd_inst/iTxdBuffer_reg[7]/G is not reached by a timing clock
Related violations: <none>

TIMING-20#45 Warning
Non-clocked latch  
The latch RS232_inst/RS232Txd_inst/iTxdBuffer_reg[8] cannot be properly analyzed as its control pin RS232_inst/RS232Txd_inst/iTxdBuffer_reg[8]/G is not reached by a timing clock
Related violations: <none>

TIMING-20#46 Warning
Non-clocked latch  
The latch RS232_inst/RS232Txd_inst/nextState_reg[0] cannot be properly analyzed as its control pin RS232_inst/RS232Txd_inst/nextState_reg[0]/G is not reached by a timing clock
Related violations: <none>

TIMING-20#47 Warning
Non-clocked latch  
The latch RS232_inst/RS232Txd_inst/nextState_reg[1] cannot be properly analyzed as its control pin RS232_inst/RS232Txd_inst/nextState_reg[1]/G is not reached by a timing clock
Related violations: <none>

TIMING-20#48 Warning
Non-clocked latch  
The latch RS232_inst/RS232Txd_inst/presState_reg[0] cannot be properly analyzed as its control pin RS232_inst/RS232Txd_inst/presState_reg[0]/G is not reached by a timing clock
Related violations: <none>

TIMING-20#49 Warning
Non-clocked latch  
The latch RS232_inst/RS232Txd_inst/presState_reg[1] cannot be properly analyzed as its control pin RS232_inst/RS232Txd_inst/presState_reg[1]/G is not reached by a timing clock
Related violations: <none>


